// Jest Snapshot v1, https://goo.gl/fbAQLP

exports[`ProductImage debe de mostrar  el componente con la imagen del producto 1`] = `
<div
  className="productCard undefined"
>
  <img
    alt="Coffee Mug - Con imagen - 2"
    className="productImg undefined"
    src="./coffee-mug.png"
  />
</div>
`;

exports[`ProductImage debe de mostrar el componente correctamente con la imagen personalizada 1`] = `
<img
  alt=" - "
  className="productImg undefined"
  src="no-image.jpg"
/>
`;
